{"error":"lots.times is not a function","level":"error","message":"Open trade error:","timestamp":"2026-03-30 16:55:20"}
{"error":"lots.times is not a function","level":"error","message":"Open trade error:","timestamp":"2026-03-30 16:56:56"}
{"error":"operator does not exist: text = uuid","level":"error","message":"Fetch my-disputes error:","timestamp":"2026-03-31 13:25:48"}
{"error":"operator does not exist: text = uuid","level":"error","message":"Fetch my-disputes error:","timestamp":"2026-03-31 13:25:48"}
{"error":"EPERM: operation not permitted, open 'C:\\Users\\mknav\\AppData\\Roaming\\MetaQuotes\\Terminal\\D0E8209F77C8CF37AD8BF550E51FF075\\MQL5\\Files\\DWX\\DWX_Commands_0.txt'","level":"error","message":"Subscribe error:","timestamp":"2026-03-31 13:33:22"}
{"error":"","level":"error","message":"NewsService failed to fetch calendar","timestamp":"2026-03-31 13:33:29"}
{"error":{},"level":"error","message":"Database connection error:","timestamp":"2026-04-01 17:21:25"}
{"error":"sendPayoutApprovedEmail is not defined","level":"error","message":"Could not mark payout as paid:","timestamp":"2026-04-02 18:57:01"}
{"duration":4,"error":"operator does not exist: text = uuid","level":"error","message":"[PERFORMANCE] Failed query: 4ms","sql":"SELECT d.*, u.email, u.full_name, u.trader_uid,\n              a.account_uid, a.account_type, a.accou","timestamp":"2026-04-05 12:39:29"}
{"duration":2,"error":"operator does not exist: text = uuid","level":"error","message":"[PERFORMANCE] Failed query: 2ms","sql":"SELECT d.*, u.email, u.full_name, u.trader_uid,\n              a.account_uid, a.account_type, a.accou","timestamp":"2026-04-05 12:39:29"}
{"duration":1,"error":"operator does not exist: text = uuid","level":"error","message":"[PERFORMANCE] Failed query: 1ms","sql":"SELECT d.*, u.email, u.full_name, u.trader_uid,\n              a.account_uid, a.account_type, a.accou","timestamp":"2026-04-05 12:39:30"}
{"duration":1,"error":"operator does not exist: text = uuid","level":"error","message":"[PERFORMANCE] Failed query: 1ms","sql":"SELECT d.*, u.email, u.full_name, u.trader_uid,\n              a.account_uid, a.account_type, a.accou","timestamp":"2026-04-05 12:39:30"}
{"duration":1,"error":"operator does not exist: text = uuid","level":"error","message":"[PERFORMANCE] Failed query: 1ms","sql":"SELECT d.*, u.email, u.full_name, u.trader_uid,\n              a.account_uid, a.account_type, a.accou","timestamp":"2026-04-05 12:39:30"}
{"duration":1,"error":"operator does not exist: text = uuid","level":"error","message":"[PERFORMANCE] Failed query: 1ms","sql":"SELECT d.*, u.email, u.full_name, u.trader_uid,\n              a.account_uid, a.account_type, a.accou","timestamp":"2026-04-05 12:39:30"}
{"duration":1,"error":"operator does not exist: text = uuid","level":"error","message":"[PERFORMANCE] Failed query: 1ms","sql":"SELECT d.*, u.email, u.full_name, u.trader_uid,\n              a.account_uid, a.account_type, a.accou","timestamp":"2026-04-05 12:39:30"}
{"duration":1,"error":"operator does not exist: text = uuid","level":"error","message":"[PERFORMANCE] Failed query: 1ms","sql":"SELECT d.*, u.email, u.full_name, u.trader_uid,\n              a.account_uid, a.account_type, a.accou","timestamp":"2026-04-05 12:39:30"}
{"duration":1,"error":"operator does not exist: text = uuid","level":"error","message":"[PERFORMANCE] Failed query: 1ms","sql":"SELECT d.*, u.email, u.full_name, u.trader_uid,\n              a.account_uid, a.account_type, a.accou","timestamp":"2026-04-05 12:39:30"}
{"duration":1,"error":"operator does not exist: text = uuid","level":"error","message":"[PERFORMANCE] Failed query: 1ms","sql":"SELECT d.*, u.email, u.full_name, u.trader_uid,\n              a.account_uid, a.account_type, a.accou","timestamp":"2026-04-05 12:39:30"}
{"duration":1,"error":"operator does not exist: text = uuid","level":"error","message":"[PERFORMANCE] Failed query: 1ms","sql":"SELECT d.*, u.email, u.full_name, u.trader_uid,\n              a.account_uid, a.account_type, a.accou","timestamp":"2026-04-05 12:39:30"}
{"duration":2,"error":"operator does not exist: text = uuid","level":"error","message":"[PERFORMANCE] Failed query: 2ms","sql":"SELECT d.*, u.email, u.full_name, u.trader_uid,\n              a.account_uid, a.account_type, a.accou","timestamp":"2026-04-05 12:39:30"}
{"duration":1,"error":"operator does not exist: text = uuid","level":"error","message":"[PERFORMANCE] Failed query: 1ms","sql":"SELECT d.*, u.email, u.full_name, u.trader_uid,\n              a.account_uid, a.account_type, a.accou","timestamp":"2026-04-05 12:39:30"}
{"duration":1,"error":"operator does not exist: text = uuid","level":"error","message":"[PERFORMANCE] Failed query: 1ms","sql":"SELECT d.*, u.email, u.full_name, u.trader_uid,\n              a.account_uid, a.account_type, a.accou","timestamp":"2026-04-05 12:39:30"}
{"duration":1,"error":"operator does not exist: text = uuid","level":"error","message":"[PERFORMANCE] Failed query: 1ms","sql":"SELECT d.*, u.email, u.full_name, u.trader_uid,\n              a.account_uid, a.account_type, a.accou","timestamp":"2026-04-05 12:39:30"}
{"duration":1,"error":"operator does not exist: text = uuid","level":"error","message":"[PERFORMANCE] Failed query: 1ms","sql":"SELECT d.*, u.email, u.full_name, u.trader_uid,\n              a.account_uid, a.account_type, a.accou","timestamp":"2026-04-05 12:39:30"}
{"duration":1,"error":"operator does not exist: text = uuid","level":"error","message":"[PERFORMANCE] Failed query: 1ms","sql":"SELECT d.*, u.email, u.full_name, u.trader_uid,\n              a.account_uid, a.account_type, a.accou","timestamp":"2026-04-05 12:39:30"}
{"duration":2,"error":"operator does not exist: text = uuid","level":"error","message":"[PERFORMANCE] Failed query: 2ms","sql":"SELECT d.*, u.email, u.full_name, u.trader_uid,\n              a.account_uid, a.account_type, a.accou","timestamp":"2026-04-05 12:39:30"}
{"duration":2,"error":"operator does not exist: text = uuid","level":"error","message":"[PERFORMANCE] Failed query: 2ms","sql":"SELECT d.*, u.email, u.full_name, u.trader_uid,\n              a.account_uid, a.account_type, a.accou","timestamp":"2026-04-05 12:39:30"}
{"duration":1,"error":"operator does not exist: text = uuid","level":"error","message":"[PERFORMANCE] Failed query: 1ms","sql":"SELECT d.*, u.email, u.full_name, u.trader_uid,\n              a.account_uid, a.account_type, a.accou","timestamp":"2026-04-05 12:39:30"}
{"duration":1,"error":"operator does not exist: text = uuid","level":"error","message":"[PERFORMANCE] Failed query: 1ms","sql":"SELECT d.*, u.email, u.full_name, u.trader_uid,\n              a.account_uid, a.account_type, a.accou","timestamp":"2026-04-05 12:39:30"}
{"duration":1,"error":"operator does not exist: text = uuid","level":"error","message":"[PERFORMANCE] Failed query: 1ms","sql":"SELECT d.*, u.email, u.full_name, u.trader_uid,\n              a.account_uid, a.account_type, a.accou","timestamp":"2026-04-05 12:39:30"}
{"duration":1,"error":"operator does not exist: text = uuid","level":"error","message":"[PERFORMANCE] Failed query: 1ms","sql":"SELECT d.*, u.email, u.full_name, u.trader_uid,\n              a.account_uid, a.account_type, a.accou","timestamp":"2026-04-05 12:39:30"}
{"duration":1,"error":"operator does not exist: text = uuid","level":"error","message":"[PERFORMANCE] Failed query: 1ms","sql":"SELECT d.*, u.email, u.full_name, u.trader_uid,\n              a.account_uid, a.account_type, a.accou","timestamp":"2026-04-05 12:39:30"}
{"duration":1,"error":"operator does not exist: text = uuid","level":"error","message":"[PERFORMANCE] Failed query: 1ms","sql":"SELECT d.*, u.email, u.full_name, u.trader_uid,\n              a.account_uid, a.account_type, a.accou","timestamp":"2026-04-05 12:39:30"}
{"duration":1,"error":"operator does not exist: text = uuid","level":"error","message":"[PERFORMANCE] Failed query: 1ms","sql":"SELECT d.*, u.email, u.full_name, u.trader_uid,\n              a.account_uid, a.account_type, a.accou","timestamp":"2026-04-05 12:39:30"}
{"error":"getaddrinfo ENOTFOUND nfs.faireconomy.media","level":"error","message":"NewsService failed to fetch calendar","timestamp":"2026-04-05 13:48:48"}
